com\ecom\Shopping_Cart\serviceImpl\OrderServiceImpl.class
com\ecom\Shopping_Cart\service\CartService.class
com\ecom\Shopping_Cart\config\CustomUser.class
com\ecom\Shopping_Cart\util\AppConstant.class
com\ecom\Shopping_Cart\model\OrderAddress.class
com\ecom\Shopping_Cart\model\Cart.class
com\ecom\Shopping_Cart\service\UserService.class
com\ecom\Shopping_Cart\model\Product.class
com\ecom\Shopping_Cart\service\ProductService.class
com\ecom\Shopping_Cart\model\Watchlist.class
com\ecom\Shopping_Cart\config\UserDetailsServiceImpl.class
com\ecom\Shopping_Cart\serviceImpl\WatchlistServiceImpl.class
com\ecom\Shopping_Cart\repository\UserRepository.class
com\ecom\Shopping_Cart\config\AuthSucessHandlerImpl.class
com\ecom\Shopping_Cart\repository\CartRepository.class
com\ecom\Shopping_Cart\serviceImpl\ProductServiceImpl.class
com\ecom\Shopping_Cart\util\BucketType.class
com\ecom\Shopping_Cart\repository\ProductOrderRepository.class
com\ecom\Shopping_Cart\model\UserDtls.class
com\ecom\Shopping_Cart\ShoppingCartApplication.class
com\ecom\Shopping_Cart\model\ProductOrder.class
com\ecom\Shopping_Cart\service\WatchlistService.class
com\ecom\Shopping_Cart\serviceImpl\CartServiceImpl.class
com\ecom\Shopping_Cart\util\OrderStatus.class
com\ecom\Shopping_Cart\controller\AdminController.class
com\ecom\Shopping_Cart\model\Category.class
com\ecom\Shopping_Cart\repository\WatchlistRepository.class
com\ecom\Shopping_Cart\service\OrderService.class
com\ecom\Shopping_Cart\serviceImpl\UserServiceImpl.class
com\ecom\Shopping_Cart\model\OrderRequest.class
com\ecom\Shopping_Cart\service\CategoryService.class
com\ecom\Shopping_Cart\service\CommonService.class
com\ecom\Shopping_Cart\util\CommonUtil.class
com\ecom\Shopping_Cart\controller\UserController.class
com\ecom\Shopping_Cart\controller\HomeController.class
com\ecom\Shopping_Cart\repository\ProductRepository.class
com\ecom\Shopping_Cart\serviceImpl\CommonServiceImpl.class
com\ecom\Shopping_Cart\config\SecurityConfig.class
com\ecom\Shopping_Cart\repository\CategoryRepository.class
com\ecom\Shopping_Cart\config\AuthFailureHandlerImpl.class
com\ecom\Shopping_Cart\serviceImpl\CategoryServiceImpl.class
