C:\Users\indra\Desktop\SpringBootProjects\Shopping_Cart\src\main\java\com\ecom\Shopping_Cart\config\AuthFailureHandlerImpl.java
C:\Users\indra\Desktop\SpringBootProjects\Shopping_Cart\src\main\java\com\ecom\Shopping_Cart\config\AuthSucessHandlerImpl.java
C:\Users\indra\Desktop\SpringBootProjects\Shopping_Cart\src\main\java\com\ecom\Shopping_Cart\config\AwsConfig.java
C:\Users\indra\Desktop\SpringBootProjects\Shopping_Cart\src\main\java\com\ecom\Shopping_Cart\config\CustomUser.java
C:\Users\indra\Desktop\SpringBootProjects\Shopping_Cart\src\main\java\com\ecom\Shopping_Cart\config\SecurityConfig.java
C:\Users\indra\Desktop\SpringBootProjects\Shopping_Cart\src\main\java\com\ecom\Shopping_Cart\config\UserDetailsServiceImpl.java
C:\Users\indra\Desktop\SpringBootProjects\Shopping_Cart\src\main\java\com\ecom\Shopping_Cart\controller\AdminController.java
C:\Users\indra\Desktop\SpringBootProjects\Shopping_Cart\src\main\java\com\ecom\Shopping_Cart\controller\HomeController.java
C:\Users\indra\Desktop\SpringBootProjects\Shopping_Cart\src\main\java\com\ecom\Shopping_Cart\controller\UserController.java
C:\Users\indra\Desktop\SpringBootProjects\Shopping_Cart\src\main\java\com\ecom\Shopping_Cart\model\Cart.java
C:\Users\indra\Desktop\SpringBootProjects\Shopping_Cart\src\main\java\com\ecom\Shopping_Cart\model\Category.java
C:\Users\indra\Desktop\SpringBootProjects\Shopping_Cart\src\main\java\com\ecom\Shopping_Cart\model\OrderAddress.java
C:\Users\indra\Desktop\SpringBootProjects\Shopping_Cart\src\main\java\com\ecom\Shopping_Cart\model\OrderRequest.java
C:\Users\indra\Desktop\SpringBootProjects\Shopping_Cart\src\main\java\com\ecom\Shopping_Cart\model\Product.java
C:\Users\indra\Desktop\SpringBootProjects\Shopping_Cart\src\main\java\com\ecom\Shopping_Cart\model\ProductOrder.java
C:\Users\indra\Desktop\SpringBootProjects\Shopping_Cart\src\main\java\com\ecom\Shopping_Cart\model\UserDtls.java
C:\Users\indra\Desktop\SpringBootProjects\Shopping_Cart\src\main\java\com\ecom\Shopping_Cart\model\Watchlist.java
C:\Users\indra\Desktop\SpringBootProjects\Shopping_Cart\src\main\java\com\ecom\Shopping_Cart\repository\CartRepository.java
C:\Users\indra\Desktop\SpringBootProjects\Shopping_Cart\src\main\java\com\ecom\Shopping_Cart\repository\CategoryRepository.java
C:\Users\indra\Desktop\SpringBootProjects\Shopping_Cart\src\main\java\com\ecom\Shopping_Cart\repository\ProductOrderRepository.java
C:\Users\indra\Desktop\SpringBootProjects\Shopping_Cart\src\main\java\com\ecom\Shopping_Cart\repository\ProductRepository.java
C:\Users\indra\Desktop\SpringBootProjects\Shopping_Cart\src\main\java\com\ecom\Shopping_Cart\repository\UserRepository.java
C:\Users\indra\Desktop\SpringBootProjects\Shopping_Cart\src\main\java\com\ecom\Shopping_Cart\repository\WatchlistRepository.java
C:\Users\indra\Desktop\SpringBootProjects\Shopping_Cart\src\main\java\com\ecom\Shopping_Cart\service\CartService.java
C:\Users\indra\Desktop\SpringBootProjects\Shopping_Cart\src\main\java\com\ecom\Shopping_Cart\service\CategoryService.java
C:\Users\indra\Desktop\SpringBootProjects\Shopping_Cart\src\main\java\com\ecom\Shopping_Cart\service\CommonService.java
C:\Users\indra\Desktop\SpringBootProjects\Shopping_Cart\src\main\java\com\ecom\Shopping_Cart\service\FileService.java
C:\Users\indra\Desktop\SpringBootProjects\Shopping_Cart\src\main\java\com\ecom\Shopping_Cart\service\OrderService.java
C:\Users\indra\Desktop\SpringBootProjects\Shopping_Cart\src\main\java\com\ecom\Shopping_Cart\service\ProductService.java
C:\Users\indra\Desktop\SpringBootProjects\Shopping_Cart\src\main\java\com\ecom\Shopping_Cart\service\UserService.java
C:\Users\indra\Desktop\SpringBootProjects\Shopping_Cart\src\main\java\com\ecom\Shopping_Cart\service\WatchlistService.java
C:\Users\indra\Desktop\SpringBootProjects\Shopping_Cart\src\main\java\com\ecom\Shopping_Cart\serviceImpl\CartServiceImpl.java
C:\Users\indra\Desktop\SpringBootProjects\Shopping_Cart\src\main\java\com\ecom\Shopping_Cart\serviceImpl\CategoryServiceImpl.java
C:\Users\indra\Desktop\SpringBootProjects\Shopping_Cart\src\main\java\com\ecom\Shopping_Cart\serviceImpl\CommonServiceImpl.java
C:\Users\indra\Desktop\SpringBootProjects\Shopping_Cart\src\main\java\com\ecom\Shopping_Cart\serviceImpl\FileServiceImpl.java
C:\Users\indra\Desktop\SpringBootProjects\Shopping_Cart\src\main\java\com\ecom\Shopping_Cart\serviceImpl\OrderServiceImpl.java
C:\Users\indra\Desktop\SpringBootProjects\Shopping_Cart\src\main\java\com\ecom\Shopping_Cart\serviceImpl\ProductServiceImpl.java
C:\Users\indra\Desktop\SpringBootProjects\Shopping_Cart\src\main\java\com\ecom\Shopping_Cart\serviceImpl\UserServiceImpl.java
C:\Users\indra\Desktop\SpringBootProjects\Shopping_Cart\src\main\java\com\ecom\Shopping_Cart\serviceImpl\WatchlistServiceImpl.java
C:\Users\indra\Desktop\SpringBootProjects\Shopping_Cart\src\main\java\com\ecom\Shopping_Cart\ShoppingCartApplication.java
C:\Users\indra\Desktop\SpringBootProjects\Shopping_Cart\src\main\java\com\ecom\Shopping_Cart\util\AppConstant.java
C:\Users\indra\Desktop\SpringBootProjects\Shopping_Cart\src\main\java\com\ecom\Shopping_Cart\util\BucketType.java
C:\Users\indra\Desktop\SpringBootProjects\Shopping_Cart\src\main\java\com\ecom\Shopping_Cart\util\CommonUtil.java
C:\Users\indra\Desktop\SpringBootProjects\Shopping_Cart\src\main\java\com\ecom\Shopping_Cart\util\OrderStatus.java
